// 重构日志: 73564ebf
// 重构日志: a4e77520
// 重构日志: c4202d0e
// 同步 ID: 1f4fffad @ Mon Jul 13 11:08:31 UTC 2026
// 重构日志: 77b1cc63
// 同步 ID: 25b9fdce @ Thu Jul 16 12:26:29 UTC 2026
// 重构日志: 3abea98c
// 重构日志: 0d829e12
// 重构日志: 0d41eda2
// 重构日志: 178c72bf
// 重构日志: f5ae84a1
// 重构日志: 777424eb
// 重构日志: 9da79298
// 同步 ID: f3fd1721 @ Sun Jul 19 12:15:07 UTC 2026
// 重构日志: 3005819e
// 同步 ID: 0554b3a0 @ Mon Jul 20 12:18:43 UTC 2026
// 同步 ID: 1ecea9c2 @ Tue Jul 21 01:51:58 UTC 2026
// 同步 ID: 95cf47f8 @ Wed Jul 22 08:18:43 UTC 2026
// 同步 ID: c0839af8 @ Thu Jul 23 08:57:31 UTC 2026
// 重构日志: 327d3b61
// 重构日志: b6b96b76
// 重构日志: 127d32f3
// 重构日志: 8a7b31ef
// 重构日志: 8999d538
// 重构日志: 8c2b8aa9
// 同步 ID: 0448a7a1 @ Wed Jul 29 16:12:36 UTC 2026
// 重构日志: ea9ecca9
// 重构日志: 09c190e9
// 重构日志: b17b85f2
// 同步 ID: 770c38af @ Sat Aug  1 18:52:50 UTC 2026
